Tue Sep 15 05:04:24 UTC 2026 - TBH update
Wed Sep 16 05:00:22 UTC 2026 - TBH update
Thu Sep 17 05:02:25 UTC 2026 - TBH update
Fri Sep 18 04:55:28 UTC 2026 - TBH update
Sat Sep 19 04:46:56 UTC 2026 - TBH update
Sun Sep 20 05:04:18 UTC 2026 - TBH update
Mon Sep 21 05:10:03 UTC 2026 - TBH update
Tue Sep 22 05:11:13 UTC 2026 - TBH update
Wed Sep 23 04:55:45 UTC 2026 - TBH update
Thu Sep 24 05:05:34 UTC 2026 - TBH update
Fri Sep 25 05:07:45 UTC 2026 - TBH update
Sat Sep 26 05:11:22 UTC 2026 - TBH update
Sun Sep 27 05:28:37 UTC 2026 - TBH update
Mon Sep 28 05:37:14 UTC 2026 - TBH update
Tue Sep 29 05:54:46 UTC 2026 - TBH update
Wed Sep 30 05:45:03 UTC 2026 - TBH update
Thu Oct  1 06:12:09 UTC 2026 - TBH update
Fri Oct  2 05:55:06 UTC 2026 - TBH update
Sat Oct  3 05:30:05 UTC 2026 - TBH update
Sun Oct  4 06:04:40 UTC 2026 - TBH update
Mon Oct  5 05:57:40 UTC 2026 - TBH update
Tue Oct  6 06:35:40 UTC 2026 - TBH update
Wed Oct  7 06:13:28 UTC 2026 - TBH update
Thu Oct  8 06:21:43 UTC 2026 - TBH update
Fri Oct  9 06:23:27 UTC 2026 - TBH update
